// Jest Snapshot v1, https://goo.gl/fbAQLP

exports[`Pruebas en <SearchPage /> debe mostrarse correctamente con valores por defecto 1`] = `
<div>
  <div
    class="container container-fluid"
  >
    <h1
      class="mt-3"
    >
      Superhero Search
    </h1>
    <hr />
    <div
      class="card my-3"
      style="max-width: 1000px;"
    >
      <div
        class="row g-0"
      >
        <div
          class="col-xs-12 col-sm-5 col-md-5 col-lg-4"
        >
          <div
            class="card-body"
          >
            <h5
              class="card-title"
            >
              Search
            </h5>
            <hr />
            <form>
              <input
                autocomplete="off"
                class="form-control"
                name="searchText"
                placeholder="Search a Superhero"
                type="text"
                value=""
              />
              <button
                class="btn btn-secondary mt-2"
              >
                Search
              </button>
            </form>
          </div>
        </div>
        <div
          class="col-xs-12 col-sm col-md-7 col-lg-8"
        >
          <div
            class="card-body border-start border-secondary-subtle"
          >
            <h5
              class="card-title"
            >
              Search results...
            </h5>
            <div
              aria-label="alert-no-text"
              class="alert alert-secondary animate__animated animate__headShake"
            >
              <p
                class="p-0 m-0"
              >
                Please introduce the name of a superhero
              </p>
            </div>
            <div
              aria-label="alert-no-hero"
              class="alert alert-danger animate__animated animate__headShake"
              style="display: none;"
            >
              <p
                class="p-0 m-0"
              >
                We could not find a hero with name 
                <b />
              </p>
            </div>
            <div
              class="row rows-cols-xs-1 row-cols-sm-1 row-cols-md-2 row-cols-lg-3 g-3"
            />
          </div>
        </div>
      </div>
    </div>
  </div>
</div>
`;
